
==================================================
TESTING: aspirin + warfarin
==================================================
[RESULT] Severity: Mild | Confidence: 70.0%

[EXPLANATION]
Here is what you need to know about taking these two drugs together:

**1. How they interact:** The drugs affect each other in your body. One drug slows down how fast your body can safely drop the other out of your system.

**2. What could happen:** Because of this block, you have a much higher chance of bleeding. The side effects might act a lot stronger or last longer than normal.

**3. What you should do:** Keep a close eye on how you feel. Talk to your doctor to see if you should lower your dose, and call them right away if you notice unusual bruises.

**4. Confidence level:** We are very confident in this warning based on our medical records.

[LATENCY] 0.05s

==================================================
TESTING: paracetamol + ibuprofen
==================================================
[RESULT] Severity: Mild | Confidence: 70.0%

[EXPLANATION]
Here is what you need to know about taking these two drugs together:

**1. How they interact:** The drugs affect each other in your body. One drug slows down how fast your body can safely drop the other out of your system.

**2. What could happen:** Because of this block, you have a much higher chance of bleeding. The side effects might act a lot stronger or last longer than normal.

**3. What you should do:** Keep a close eye on how you feel. Talk to your doctor to see if you should lower your dose, and call them right away if you notice unusual bruises.

**4. Confidence level:** We are very confident in this warning based on our medical records.

[LATENCY] 0.01s

==================================================
TESTING: dolo 650 + dolokind plus
==================================================
[RESULT] Severity: Mild | Confidence: 70.0%

[EXPLANATION]
Here is what you need to know about taking these two drugs together:

**1. How they interact:** The drugs affect each other in your body. One drug slows down how fast your body can safely drop the other out of your system.

**2. What could happen:** Because of this block, you have a much higher chance of bleeding. The side effects might act a lot stronger or last longer than normal.

**3. What you should do:** Keep a close eye on how you feel. Talk to your doctor to see if you should lower your dose, and call them right away if you notice unusual bruises.

**4. Confidence level:** We are very confident in this warning based on our medical records.

[LATENCY] 0.01s


##################################################
FINAL VALIDATION
##################################################
Explanation 1 != Explanation 2: False
Explanation 2 != Explanation 3: False

FAILURE: Some explanations are still identical.
